../usr/board/board.c:152:6:printS485	8	static
../usr/board/board.c:140:6:print	536	static
../usr/board/board.c:379:11:rs485AfterSend_1	8	static
../usr/board/board.c:365:11:rs485BeforeSend_1	8	static
../usr/board/board.c:203:11:configRead.isra	24	static
../usr/board/board.c:96:6:boardPreInit	0	static
../usr/board/board.c:136:6:printS	8	static
../usr/board/board.c:100:6:boardInit	64	static
../usr/board/board.c:156:6:print485	536	static
../usr/board/board.c:168:4:ioWrite	0	static
../usr/board/board.c:173:4:ioRead	0	static
../usr/board/board.c:178:4:ioReadReg	0	static
../usr/board/board.c:183:4:ioWriteReg	0	static
../usr/board/board.c:230:6:printHelp	8	static
../usr/board/board.c:234:4:brdCmd	296	static
../usr/board/board.c:396:6:HAL_UART_TxCpltCallback	8	static
../usr/board/board.c:404:6:HAL_UART_RxCpltCallback	0	static
../usr/board/board.c:407:6:HAL_GPIO_EXTI_Falling_Callback	0	static
../usr/board/board.c:411:6:HAL_GPIO_EXTI_Rising_Callback	0	static
